
R version 3.6.0 (2019-04-26) -- "Planting of a Tree"
Copyright (C) 2019 The R Foundation for Statistical Computing
Platform: x86_64-apple-darwin15.6.0 (64-bit)

R is free software and comes with ABSOLUTELY NO WARRANTY.
You are welcome to redistribute it under certain conditions.
Type 'license()' or 'licence()' for distribution details.

  Natural language support but running in an English locale

R is a collaborative project with many contributors.
Type 'contributors()' for more information and
'citation()' on how to cite R or R packages in publications.

Type 'demo()' for some demos, 'help()' for on-line help, or
'help.start()' for an HTML browser interface to help.
Type 'q()' to quit R.

> pkgname <- "tidyquant"
> source(file.path(R.home("share"), "R", "examples-header.R"))
> options(warn = 1)
> library('tidyquant')
Loading required package: lubridate
Warning: package ‘lubridate’ was built under R version 3.6.2

Attaching package: ‘lubridate’

The following objects are masked from ‘package:base’:

    date, intersect, setdiff, union

Loading required package: PerformanceAnalytics
Loading required package: xts
Loading required package: zoo
Warning: package ‘zoo’ was built under R version 3.6.2

Attaching package: ‘zoo’

The following objects are masked from ‘package:base’:

    as.Date, as.Date.numeric


Attaching package: ‘PerformanceAnalytics’

The following object is masked from ‘package:graphics’:

    legend

Loading required package: quantmod
Warning: package ‘quantmod’ was built under R version 3.6.2
Loading required package: TTR
Version 0.4-0 included new data defaults. See ?getSymbols.
[30m══[39m [30mNeed to Learn tidyquant?[39m [30m════════════════════════════════════════════════════[39m[34m
Business Science offers a 1-hour course - Learning Lab #9: Performance Analysis & Portfolio Optimization with tidyquant!
[39m[34m</> Learn more at: https://university.business-science.io/p/learning-labs-pro </>[39m
> 
> base::assign(".oldSearch", base::search(), pos = 'CheckExEnv')
> base::assign(".old_wd", base::getwd(), pos = 'CheckExEnv')
> cleanEx()
> nameEx("av_api_key")
> ### * av_api_key
> 
> flush(stderr()); flush(stdout())
> 
> ### Name: av_api_key
> ### Title: Set Alpha Vantage API Key
> ### Aliases: av_api_key
> 
> ### ** Examples
> 
> 
> ## Not run: 
> ##D av_api_key(api_key = "foobar")
> ## End(Not run)
> 
> 
> 
> 
> cleanEx()
> nameEx("coord_x_date")
> ### * coord_x_date
> 
> flush(stderr()); flush(stdout())
> 
> ### Name: coord_x_date
> ### Title: Zoom in on plot regions using date ranges or date-time ranges
> ### Aliases: coord_x_date coord_x_datetime
> 
> ### ** Examples
> 
> # Load libraries
> library(tidyquant)
> library(dplyr)

Attaching package: ‘dplyr’

The following objects are masked from ‘package:xts’:

    first, last

The following objects are masked from ‘package:lubridate’:

    intersect, setdiff, union

The following objects are masked from ‘package:stats’:

    filter, lag

The following objects are masked from ‘package:base’:

    intersect, setdiff, setequal, union

> library(ggplot2)
> 
> # coord_x_date
> AAPL <- tq_get("AAPL", from = "2013-01-01", to = "2016-12-31")
Warning: x = 'AAPL', get = 'stock.prices': Error in curl::curl_fetch_memory(cu, handle = h): Could not resolve host: finance.yahoo.com

> AAPL %>%
+     ggplot(aes(x = date, y = adjusted)) +
+     geom_line() +                         # Plot stock price
+     geom_ma(n = 50) +                     # Plot 50-day Moving Average
+     geom_ma(n = 200, color = "red") +     # Plot 200-day Moving Average
+     # Zoom in
+     coord_x_date(xlim = c("2016-01-01", "2016-12-31"),
+                  ylim = c(75, 125))
Error: `data` must be a data frame, or other object coercible by `fortify()`, not a logical vector
Backtrace:
[90m     [39m█
[90m  1. [39m└─AAPL %>% ggplot(aes(x = date, y = adjusted))
[90m  2. [39m  ├─base::withVisible(eval(quote(`_fseq`(`_lhs`)), env, env))
[90m  3. [39m  └─base::eval(quote(`_fseq`(`_lhs`)), env, env)
[90m  4. [39m    └─base::eval(quote(`_fseq`(`_lhs`)), env, env)
[90m  5. [39m      └─`_fseq`(`_lhs`)
[90m  6. [39m        └─magrittr::freduce(value, `_function_list`)
[90m  7. [39m          ├─base::withVisible(function_list[[k]](value))
[90m  8. [39m          └─function_list[[k]](value)
[90m  9. [39m            ├─ggplot2::ggplot(., aes(x = date, y = adjusted))
[90m 10. [39m            └─ggplot2:::ggplot.default(., aes(x = date, y = adjusted))
[90m 11. [39m              ├─ggplot2::fortify(data, ...)
[90m 12. [39m              └─ggplot2:::fortify.default(data, ...)
Execution halted
